{"env":"development","level":"info","message":"Server running on port 3000","timestamp":"2026-06-10T06:09:35.874Z"}
{"env":"development","level":"info","message":"Server running on port 3000","timestamp":"2026-06-11T08:38:39.639Z"}
{"level":"info","message":"::1 - - [11/Jun/2026:08:38:40 +0000] \"GET /health HTTP/1.1\" 200 15 \"-\" \"Mozilla/5.0 (Windows NT 10.0; Win64; x64) AppleWebKit/537.36 (KHTML, like Gecko) Chrome/149.0.0.0 Safari/537.36 Edg/149.0.0.0\"","timestamp":"2026-06-11T08:38:40.578Z"}
{"level":"info","message":"::1 - - [11/Jun/2026:08:38:40 +0000] \"GET /favicon.ico HTTP/1.1\" 404 150 \"http://localhost:3000/health\" \"Mozilla/5.0 (Windows NT 10.0; Win64; x64) AppleWebKit/537.36 (KHTML, like Gecko) Chrome/149.0.0.0 Safari/537.36 Edg/149.0.0.0\"","timestamp":"2026-06-11T08:38:40.730Z"}
{"env":"development","level":"info","message":"Server running on port 3000","timestamp":"2026-06-11T09:42:21.766Z"}
{"level":"info","message":"::1 - - [11/Jun/2026:09:43:55 +0000] \"GET /health HTTP/1.1\" 200 15 \"-\" \"Mozilla/5.0 (Windows NT 10.0; Win64; x64) AppleWebKit/537.36 (KHTML, like Gecko) Chrome/149.0.0.0 Safari/537.36 Edg/149.0.0.0\"","timestamp":"2026-06-11T09:43:55.104Z"}
{"env":"development","level":"info","message":"Server running on port 3000","timestamp":"2026-06-11T09:50:43.662Z"}
{"level":"info","message":"::1 - - [11/Jun/2026:09:51:07 +0000] \"GET /health HTTP/1.1\" 304 - \"-\" \"Mozilla/5.0 (Windows NT 10.0; Win64; x64) AppleWebKit/537.36 (KHTML, like Gecko) Chrome/149.0.0.0 Safari/537.36 Edg/149.0.0.0\"","timestamp":"2026-06-11T09:51:07.937Z"}
{"env":"development","level":"info","message":"Server running on port 3000","timestamp":"2026-06-11T09:51:45.294Z"}
{"level":"info","message":"::1 - - [11/Jun/2026:09:51:53 +0000] \"HEAD /health HTTP/1.1\" 200 15 \"-\" \"Mozilla/5.0 (Windows NT; Windows NT 10.0; en-US) WindowsPowerShell/5.1.26100.8655\"","timestamp":"2026-06-11T09:51:53.724Z"}
{"level":"info","message":"::1 - - [11/Jun/2026:09:52:11 +0000] \"GET /health HTTP/1.1\" 304 - \"-\" \"Mozilla/5.0 (Windows NT 10.0; Win64; x64) AppleWebKit/537.36 (KHTML, like Gecko) Chrome/149.0.0.0 Safari/537.36 Edg/149.0.0.0\"","timestamp":"2026-06-11T09:52:11.085Z"}
{"level":"info","message":"::1 - - [11/Jun/2026:09:52:38 +0000] \"GET /health HTTP/1.1\" 200 15 \"-\" \"Mozilla/5.0 (Windows NT; Windows NT 10.0; en-US) WindowsPowerShell/5.1.26100.8655\"","timestamp":"2026-06-11T09:52:38.622Z"}
{"level":"info","message":"::1 - - [11/Jun/2026:09:52:38 +0000] \"GET /health HTTP/1.1\" 200 15 \"-\" \"Mozilla/5.0 (Windows NT; Windows NT 10.0; en-US) WindowsPowerShell/5.1.26100.8655\"","timestamp":"2026-06-11T09:52:38.636Z"}
{"level":"info","message":"::1 - - [11/Jun/2026:09:52:38 +0000] \"GET /health HTTP/1.1\" 200 15 \"-\" \"Mozilla/5.0 (Windows NT; Windows NT 10.0; en-US) WindowsPowerShell/5.1.26100.8655\"","timestamp":"2026-06-11T09:52:38.644Z"}
{"level":"info","message":"::1 - - [11/Jun/2026:09:52:38 +0000] \"GET /health HTTP/1.1\" 200 15 \"-\" \"Mozilla/5.0 (Windows NT; Windows NT 10.0; en-US) WindowsPowerShell/5.1.26100.8655\"","timestamp":"2026-06-11T09:52:38.652Z"}
{"level":"info","message":"::1 - - [11/Jun/2026:09:52:38 +0000] \"GET /health HTTP/1.1\" 200 15 \"-\" \"Mozilla/5.0 (Windows NT; Windows NT 10.0; en-US) WindowsPowerShell/5.1.26100.8655\"","timestamp":"2026-06-11T09:52:38.658Z"}
{"level":"info","message":"::1 - - [11/Jun/2026:09:52:38 +0000] \"GET /health HTTP/1.1\" 200 15 \"-\" \"Mozilla/5.0 (Windows NT; Windows NT 10.0; en-US) WindowsPowerShell/5.1.26100.8655\"","timestamp":"2026-06-11T09:52:38.666Z"}
{"level":"info","message":"::1 - - [11/Jun/2026:09:52:38 +0000] \"GET /health HTTP/1.1\" 200 15 \"-\" \"Mozilla/5.0 (Windows NT; Windows NT 10.0; en-US) WindowsPowerShell/5.1.26100.8655\"","timestamp":"2026-06-11T09:52:38.673Z"}
{"level":"info","message":"::1 - - [11/Jun/2026:09:52:38 +0000] \"GET /health HTTP/1.1\" 200 15 \"-\" \"Mozilla/5.0 (Windows NT; Windows NT 10.0; en-US) WindowsPowerShell/5.1.26100.8655\"","timestamp":"2026-06-11T09:52:38.679Z"}
{"level":"info","message":"::1 - - [11/Jun/2026:09:52:38 +0000] \"GET /health HTTP/1.1\" 200 15 \"-\" \"Mozilla/5.0 (Windows NT; Windows NT 10.0; en-US) WindowsPowerShell/5.1.26100.8655\"","timestamp":"2026-06-11T09:52:38.686Z"}
{"level":"info","message":"::1 - - [11/Jun/2026:09:52:38 +0000] \"GET /health HTTP/1.1\" 200 15 \"-\" \"Mozilla/5.0 (Windows NT; Windows NT 10.0; en-US) WindowsPowerShell/5.1.26100.8655\"","timestamp":"2026-06-11T09:52:38.693Z"}
{"level":"info","message":"::1 - - [11/Jun/2026:09:52:38 +0000] \"GET /health HTTP/1.1\" 200 15 \"-\" \"Mozilla/5.0 (Windows NT; Windows NT 10.0; en-US) WindowsPowerShell/5.1.26100.8655\"","timestamp":"2026-06-11T09:52:38.700Z"}
{"level":"info","message":"::1 - - [11/Jun/2026:09:52:38 +0000] \"GET /health HTTP/1.1\" 200 15 \"-\" \"Mozilla/5.0 (Windows NT; Windows NT 10.0; en-US) WindowsPowerShell/5.1.26100.8655\"","timestamp":"2026-06-11T09:52:38.707Z"}
{"level":"info","message":"::1 - - [11/Jun/2026:09:52:38 +0000] \"GET /health HTTP/1.1\" 200 15 \"-\" \"Mozilla/5.0 (Windows NT; Windows NT 10.0; en-US) WindowsPowerShell/5.1.26100.8655\"","timestamp":"2026-06-11T09:52:38.714Z"}
{"level":"info","message":"::1 - - [11/Jun/2026:09:52:38 +0000] \"GET /health HTTP/1.1\" 200 15 \"-\" \"Mozilla/5.0 (Windows NT; Windows NT 10.0; en-US) WindowsPowerShell/5.1.26100.8655\"","timestamp":"2026-06-11T09:52:38.720Z"}
{"level":"info","message":"::1 - - [11/Jun/2026:09:52:38 +0000] \"GET /health HTTP/1.1\" 200 15 \"-\" \"Mozilla/5.0 (Windows NT; Windows NT 10.0; en-US) WindowsPowerShell/5.1.26100.8655\"","timestamp":"2026-06-11T09:52:38.727Z"}
{"level":"info","message":"::1 - - [11/Jun/2026:09:52:38 +0000] \"GET /health HTTP/1.1\" 200 15 \"-\" \"Mozilla/5.0 (Windows NT; Windows NT 10.0; en-US) WindowsPowerShell/5.1.26100.8655\"","timestamp":"2026-06-11T09:52:38.734Z"}
{"level":"info","message":"::1 - - [11/Jun/2026:09:52:38 +0000] \"GET /health HTTP/1.1\" 200 15 \"-\" \"Mozilla/5.0 (Windows NT; Windows NT 10.0; en-US) WindowsPowerShell/5.1.26100.8655\"","timestamp":"2026-06-11T09:52:38.740Z"}
{"level":"info","message":"::1 - - [11/Jun/2026:09:52:38 +0000] \"GET /health HTTP/1.1\" 200 15 \"-\" \"Mozilla/5.0 (Windows NT; Windows NT 10.0; en-US) WindowsPowerShell/5.1.26100.8655\"","timestamp":"2026-06-11T09:52:38.746Z"}
{"level":"info","message":"::1 - - [11/Jun/2026:09:52:38 +0000] \"GET /health HTTP/1.1\" 200 15 \"-\" \"Mozilla/5.0 (Windows NT; Windows NT 10.0; en-US) WindowsPowerShell/5.1.26100.8655\"","timestamp":"2026-06-11T09:52:38.753Z"}
{"level":"info","message":"::1 - - [11/Jun/2026:09:52:38 +0000] \"GET /health HTTP/1.1\" 200 15 \"-\" \"Mozilla/5.0 (Windows NT; Windows NT 10.0; en-US) WindowsPowerShell/5.1.26100.8655\"","timestamp":"2026-06-11T09:52:38.760Z"}
{"level":"info","message":"::1 - - [11/Jun/2026:09:52:38 +0000] \"GET /health HTTP/1.1\" 200 15 \"-\" \"Mozilla/5.0 (Windows NT; Windows NT 10.0; en-US) WindowsPowerShell/5.1.26100.8655\"","timestamp":"2026-06-11T09:52:38.766Z"}
{"level":"info","message":"::1 - - [11/Jun/2026:09:52:38 +0000] \"GET /health HTTP/1.1\" 200 15 \"-\" \"Mozilla/5.0 (Windows NT; Windows NT 10.0; en-US) WindowsPowerShell/5.1.26100.8655\"","timestamp":"2026-06-11T09:52:38.773Z"}
{"level":"info","message":"::1 - - [11/Jun/2026:09:52:38 +0000] \"GET /health HTTP/1.1\" 200 15 \"-\" \"Mozilla/5.0 (Windows NT; Windows NT 10.0; en-US) WindowsPowerShell/5.1.26100.8655\"","timestamp":"2026-06-11T09:52:38.783Z"}
{"level":"info","message":"::1 - - [11/Jun/2026:09:52:38 +0000] \"GET /health HTTP/1.1\" 200 15 \"-\" \"Mozilla/5.0 (Windows NT; Windows NT 10.0; en-US) WindowsPowerShell/5.1.26100.8655\"","timestamp":"2026-06-11T09:52:38.790Z"}
{"level":"info","message":"::1 - - [11/Jun/2026:09:52:38 +0000] \"GET /health HTTP/1.1\" 200 15 \"-\" \"Mozilla/5.0 (Windows NT; Windows NT 10.0; en-US) WindowsPowerShell/5.1.26100.8655\"","timestamp":"2026-06-11T09:52:38.797Z"}
{"level":"info","message":"::1 - - [11/Jun/2026:09:52:38 +0000] \"GET /health HTTP/1.1\" 200 15 \"-\" \"Mozilla/5.0 (Windows NT; Windows NT 10.0; en-US) WindowsPowerShell/5.1.26100.8655\"","timestamp":"2026-06-11T09:52:38.804Z"}
{"level":"info","message":"::1 - - [11/Jun/2026:09:52:38 +0000] \"GET /health HTTP/1.1\" 200 15 \"-\" \"Mozilla/5.0 (Windows NT; Windows NT 10.0; en-US) WindowsPowerShell/5.1.26100.8655\"","timestamp":"2026-06-11T09:52:38.811Z"}
{"level":"info","message":"::1 - - [11/Jun/2026:09:52:38 +0000] \"GET /health HTTP/1.1\" 200 15 \"-\" \"Mozilla/5.0 (Windows NT; Windows NT 10.0; en-US) WindowsPowerShell/5.1.26100.8655\"","timestamp":"2026-06-11T09:52:38.817Z"}
{"level":"info","message":"::1 - - [11/Jun/2026:09:52:38 +0000] \"GET /health HTTP/1.1\" 200 15 \"-\" \"Mozilla/5.0 (Windows NT; Windows NT 10.0; en-US) WindowsPowerShell/5.1.26100.8655\"","timestamp":"2026-06-11T09:52:38.824Z"}
{"level":"info","message":"::1 - - [11/Jun/2026:09:52:38 +0000] \"GET /health HTTP/1.1\" 200 15 \"-\" \"Mozilla/5.0 (Windows NT; Windows NT 10.0; en-US) WindowsPowerShell/5.1.26100.8655\"","timestamp":"2026-06-11T09:52:38.831Z"}
{"level":"info","message":"::1 - - [11/Jun/2026:09:52:38 +0000] \"GET /health HTTP/1.1\" 200 15 \"-\" \"Mozilla/5.0 (Windows NT; Windows NT 10.0; en-US) WindowsPowerShell/5.1.26100.8655\"","timestamp":"2026-06-11T09:52:38.837Z"}
{"level":"info","message":"::1 - - [11/Jun/2026:09:52:38 +0000] \"GET /health HTTP/1.1\" 200 15 \"-\" \"Mozilla/5.0 (Windows NT; Windows NT 10.0; en-US) WindowsPowerShell/5.1.26100.8655\"","timestamp":"2026-06-11T09:52:38.843Z"}
{"level":"info","message":"::1 - - [11/Jun/2026:09:52:38 +0000] \"GET /health HTTP/1.1\" 200 15 \"-\" \"Mozilla/5.0 (Windows NT; Windows NT 10.0; en-US) WindowsPowerShell/5.1.26100.8655\"","timestamp":"2026-06-11T09:52:38.850Z"}
{"level":"info","message":"::1 - - [11/Jun/2026:09:52:38 +0000] \"GET /health HTTP/1.1\" 200 15 \"-\" \"Mozilla/5.0 (Windows NT; Windows NT 10.0; en-US) WindowsPowerShell/5.1.26100.8655\"","timestamp":"2026-06-11T09:52:38.857Z"}
{"level":"info","message":"::1 - - [11/Jun/2026:09:52:38 +0000] \"GET /health HTTP/1.1\" 200 15 \"-\" \"Mozilla/5.0 (Windows NT; Windows NT 10.0; en-US) WindowsPowerShell/5.1.26100.8655\"","timestamp":"2026-06-11T09:52:38.863Z"}
{"level":"info","message":"::1 - - [11/Jun/2026:09:52:38 +0000] \"GET /health HTTP/1.1\" 200 15 \"-\" \"Mozilla/5.0 (Windows NT; Windows NT 10.0; en-US) WindowsPowerShell/5.1.26100.8655\"","timestamp":"2026-06-11T09:52:38.869Z"}
{"level":"info","message":"::1 - - [11/Jun/2026:09:52:38 +0000] \"GET /health HTTP/1.1\" 200 15 \"-\" \"Mozilla/5.0 (Windows NT; Windows NT 10.0; en-US) WindowsPowerShell/5.1.26100.8655\"","timestamp":"2026-06-11T09:52:38.875Z"}
{"level":"info","message":"::1 - - [11/Jun/2026:09:52:38 +0000] \"GET /health HTTP/1.1\" 200 15 \"-\" \"Mozilla/5.0 (Windows NT; Windows NT 10.0; en-US) WindowsPowerShell/5.1.26100.8655\"","timestamp":"2026-06-11T09:52:38.881Z"}
{"level":"info","message":"::1 - - [11/Jun/2026:09:52:38 +0000] \"GET /health HTTP/1.1\" 200 15 \"-\" \"Mozilla/5.0 (Windows NT; Windows NT 10.0; en-US) WindowsPowerShell/5.1.26100.8655\"","timestamp":"2026-06-11T09:52:38.887Z"}
{"level":"info","message":"::1 - - [11/Jun/2026:09:52:38 +0000] \"GET /health HTTP/1.1\" 200 15 \"-\" \"Mozilla/5.0 (Windows NT; Windows NT 10.0; en-US) WindowsPowerShell/5.1.26100.8655\"","timestamp":"2026-06-11T09:52:38.893Z"}
{"level":"info","message":"::1 - - [11/Jun/2026:09:52:38 +0000] \"GET /health HTTP/1.1\" 200 15 \"-\" \"Mozilla/5.0 (Windows NT; Windows NT 10.0; en-US) WindowsPowerShell/5.1.26100.8655\"","timestamp":"2026-06-11T09:52:38.900Z"}
{"level":"info","message":"::1 - - [11/Jun/2026:09:52:38 +0000] \"GET /health HTTP/1.1\" 200 15 \"-\" \"Mozilla/5.0 (Windows NT; Windows NT 10.0; en-US) WindowsPowerShell/5.1.26100.8655\"","timestamp":"2026-06-11T09:52:38.906Z"}
{"level":"info","message":"::1 - - [11/Jun/2026:09:52:38 +0000] \"GET /health HTTP/1.1\" 200 15 \"-\" \"Mozilla/5.0 (Windows NT; Windows NT 10.0; en-US) WindowsPowerShell/5.1.26100.8655\"","timestamp":"2026-06-11T09:52:38.912Z"}
{"level":"info","message":"::1 - - [11/Jun/2026:09:52:38 +0000] \"GET /health HTTP/1.1\" 200 15 \"-\" \"Mozilla/5.0 (Windows NT; Windows NT 10.0; en-US) WindowsPowerShell/5.1.26100.8655\"","timestamp":"2026-06-11T09:52:38.918Z"}
{"level":"info","message":"::1 - - [11/Jun/2026:09:52:38 +0000] \"GET /health HTTP/1.1\" 200 15 \"-\" \"Mozilla/5.0 (Windows NT; Windows NT 10.0; en-US) WindowsPowerShell/5.1.26100.8655\"","timestamp":"2026-06-11T09:52:38.924Z"}
{"level":"info","message":"::1 - - [11/Jun/2026:09:52:38 +0000] \"GET /health HTTP/1.1\" 200 15 \"-\" \"Mozilla/5.0 (Windows NT; Windows NT 10.0; en-US) WindowsPowerShell/5.1.26100.8655\"","timestamp":"2026-06-11T09:52:38.931Z"}
{"level":"info","message":"::1 - - [11/Jun/2026:09:52:38 +0000] \"GET /health HTTP/1.1\" 200 15 \"-\" \"Mozilla/5.0 (Windows NT; Windows NT 10.0; en-US) WindowsPowerShell/5.1.26100.8655\"","timestamp":"2026-06-11T09:52:38.937Z"}
{"level":"info","message":"::1 - - [11/Jun/2026:09:52:38 +0000] \"GET /health HTTP/1.1\" 200 15 \"-\" \"Mozilla/5.0 (Windows NT; Windows NT 10.0; en-US) WindowsPowerShell/5.1.26100.8655\"","timestamp":"2026-06-11T09:52:38.943Z"}
{"level":"info","message":"::1 - - [11/Jun/2026:09:52:38 +0000] \"GET /health HTTP/1.1\" 200 15 \"-\" \"Mozilla/5.0 (Windows NT; Windows NT 10.0; en-US) WindowsPowerShell/5.1.26100.8655\"","timestamp":"2026-06-11T09:52:38.950Z"}
{"level":"info","message":"::1 - - [11/Jun/2026:09:52:38 +0000] \"GET /health HTTP/1.1\" 200 15 \"-\" \"Mozilla/5.0 (Windows NT; Windows NT 10.0; en-US) WindowsPowerShell/5.1.26100.8655\"","timestamp":"2026-06-11T09:52:38.957Z"}
{"level":"info","message":"::1 - - [11/Jun/2026:09:52:38 +0000] \"GET /health HTTP/1.1\" 200 15 \"-\" \"Mozilla/5.0 (Windows NT; Windows NT 10.0; en-US) WindowsPowerShell/5.1.26100.8655\"","timestamp":"2026-06-11T09:52:38.964Z"}
{"level":"info","message":"::1 - - [11/Jun/2026:09:52:38 +0000] \"GET /health HTTP/1.1\" 200 15 \"-\" \"Mozilla/5.0 (Windows NT; Windows NT 10.0; en-US) WindowsPowerShell/5.1.26100.8655\"","timestamp":"2026-06-11T09:52:38.970Z"}
{"level":"info","message":"::1 - - [11/Jun/2026:09:52:38 +0000] \"GET /health HTTP/1.1\" 200 15 \"-\" \"Mozilla/5.0 (Windows NT; Windows NT 10.0; en-US) WindowsPowerShell/5.1.26100.8655\"","timestamp":"2026-06-11T09:52:38.975Z"}
{"level":"info","message":"::1 - - [11/Jun/2026:09:52:38 +0000] \"GET /health HTTP/1.1\" 200 15 \"-\" \"Mozilla/5.0 (Windows NT; Windows NT 10.0; en-US) WindowsPowerShell/5.1.26100.8655\"","timestamp":"2026-06-11T09:52:38.982Z"}
{"level":"info","message":"::1 - - [11/Jun/2026:09:52:38 +0000] \"GET /health HTTP/1.1\" 200 15 \"-\" \"Mozilla/5.0 (Windows NT; Windows NT 10.0; en-US) WindowsPowerShell/5.1.26100.8655\"","timestamp":"2026-06-11T09:52:38.988Z"}
{"level":"info","message":"::1 - - [11/Jun/2026:09:52:38 +0000] \"GET /health HTTP/1.1\" 200 15 \"-\" \"Mozilla/5.0 (Windows NT; Windows NT 10.0; en-US) WindowsPowerShell/5.1.26100.8655\"","timestamp":"2026-06-11T09:52:38.994Z"}
{"level":"info","message":"::1 - - [11/Jun/2026:09:52:39 +0000] \"GET /health HTTP/1.1\" 200 15 \"-\" \"Mozilla/5.0 (Windows NT; Windows NT 10.0; en-US) WindowsPowerShell/5.1.26100.8655\"","timestamp":"2026-06-11T09:52:39.001Z"}
{"level":"info","message":"::1 - - [11/Jun/2026:09:52:39 +0000] \"GET /health HTTP/1.1\" 200 15 \"-\" \"Mozilla/5.0 (Windows NT; Windows NT 10.0; en-US) WindowsPowerShell/5.1.26100.8655\"","timestamp":"2026-06-11T09:52:39.007Z"}
{"level":"info","message":"::1 - - [11/Jun/2026:09:52:39 +0000] \"GET /health HTTP/1.1\" 200 15 \"-\" \"Mozilla/5.0 (Windows NT; Windows NT 10.0; en-US) WindowsPowerShell/5.1.26100.8655\"","timestamp":"2026-06-11T09:52:39.013Z"}
{"level":"info","message":"::1 - - [11/Jun/2026:09:52:39 +0000] \"GET /health HTTP/1.1\" 200 15 \"-\" \"Mozilla/5.0 (Windows NT; Windows NT 10.0; en-US) WindowsPowerShell/5.1.26100.8655\"","timestamp":"2026-06-11T09:52:39.019Z"}
{"level":"info","message":"::1 - - [11/Jun/2026:09:52:39 +0000] \"GET /health HTTP/1.1\" 200 15 \"-\" \"Mozilla/5.0 (Windows NT; Windows NT 10.0; en-US) WindowsPowerShell/5.1.26100.8655\"","timestamp":"2026-06-11T09:52:39.025Z"}
{"level":"info","message":"::1 - - [11/Jun/2026:09:52:39 +0000] \"GET /health HTTP/1.1\" 200 15 \"-\" \"Mozilla/5.0 (Windows NT; Windows NT 10.0; en-US) WindowsPowerShell/5.1.26100.8655\"","timestamp":"2026-06-11T09:52:39.031Z"}
{"level":"info","message":"::1 - - [11/Jun/2026:09:52:39 +0000] \"GET /health HTTP/1.1\" 200 15 \"-\" \"Mozilla/5.0 (Windows NT; Windows NT 10.0; en-US) WindowsPowerShell/5.1.26100.8655\"","timestamp":"2026-06-11T09:52:39.037Z"}
{"level":"info","message":"::1 - - [11/Jun/2026:09:52:39 +0000] \"GET /health HTTP/1.1\" 200 15 \"-\" \"Mozilla/5.0 (Windows NT; Windows NT 10.0; en-US) WindowsPowerShell/5.1.26100.8655\"","timestamp":"2026-06-11T09:52:39.044Z"}
{"level":"info","message":"::1 - - [11/Jun/2026:09:52:39 +0000] \"GET /health HTTP/1.1\" 200 15 \"-\" \"Mozilla/5.0 (Windows NT; Windows NT 10.0; en-US) WindowsPowerShell/5.1.26100.8655\"","timestamp":"2026-06-11T09:52:39.050Z"}
{"level":"info","message":"::1 - - [11/Jun/2026:09:52:39 +0000] \"GET /health HTTP/1.1\" 200 15 \"-\" \"Mozilla/5.0 (Windows NT; Windows NT 10.0; en-US) WindowsPowerShell/5.1.26100.8655\"","timestamp":"2026-06-11T09:52:39.056Z"}
{"level":"info","message":"::1 - - [11/Jun/2026:09:52:39 +0000] \"GET /health HTTP/1.1\" 200 15 \"-\" \"Mozilla/5.0 (Windows NT; Windows NT 10.0; en-US) WindowsPowerShell/5.1.26100.8655\"","timestamp":"2026-06-11T09:52:39.062Z"}
{"level":"info","message":"::1 - - [11/Jun/2026:09:52:39 +0000] \"GET /health HTTP/1.1\" 200 15 \"-\" \"Mozilla/5.0 (Windows NT; Windows NT 10.0; en-US) WindowsPowerShell/5.1.26100.8655\"","timestamp":"2026-06-11T09:52:39.068Z"}
{"level":"info","message":"::1 - - [11/Jun/2026:09:52:39 +0000] \"GET /health HTTP/1.1\" 200 15 \"-\" \"Mozilla/5.0 (Windows NT; Windows NT 10.0; en-US) WindowsPowerShell/5.1.26100.8655\"","timestamp":"2026-06-11T09:52:39.074Z"}
{"level":"info","message":"::1 - - [11/Jun/2026:09:52:39 +0000] \"GET /health HTTP/1.1\" 200 15 \"-\" \"Mozilla/5.0 (Windows NT; Windows NT 10.0; en-US) WindowsPowerShell/5.1.26100.8655\"","timestamp":"2026-06-11T09:52:39.081Z"}
{"level":"info","message":"::1 - - [11/Jun/2026:09:52:39 +0000] \"GET /health HTTP/1.1\" 200 15 \"-\" \"Mozilla/5.0 (Windows NT; Windows NT 10.0; en-US) WindowsPowerShell/5.1.26100.8655\"","timestamp":"2026-06-11T09:52:39.088Z"}
{"level":"info","message":"::1 - - [11/Jun/2026:09:52:39 +0000] \"GET /health HTTP/1.1\" 200 15 \"-\" \"Mozilla/5.0 (Windows NT; Windows NT 10.0; en-US) WindowsPowerShell/5.1.26100.8655\"","timestamp":"2026-06-11T09:52:39.097Z"}
{"level":"info","message":"::1 - - [11/Jun/2026:09:52:39 +0000] \"GET /health HTTP/1.1\" 200 15 \"-\" \"Mozilla/5.0 (Windows NT; Windows NT 10.0; en-US) WindowsPowerShell/5.1.26100.8655\"","timestamp":"2026-06-11T09:52:39.103Z"}
{"level":"info","message":"::1 - - [11/Jun/2026:09:52:39 +0000] \"GET /health HTTP/1.1\" 200 15 \"-\" \"Mozilla/5.0 (Windows NT; Windows NT 10.0; en-US) WindowsPowerShell/5.1.26100.8655\"","timestamp":"2026-06-11T09:52:39.110Z"}
{"level":"info","message":"::1 - - [11/Jun/2026:09:52:39 +0000] \"GET /health HTTP/1.1\" 200 15 \"-\" \"Mozilla/5.0 (Windows NT; Windows NT 10.0; en-US) WindowsPowerShell/5.1.26100.8655\"","timestamp":"2026-06-11T09:52:39.116Z"}
{"level":"info","message":"::1 - - [11/Jun/2026:09:52:39 +0000] \"GET /health HTTP/1.1\" 200 15 \"-\" \"Mozilla/5.0 (Windows NT; Windows NT 10.0; en-US) WindowsPowerShell/5.1.26100.8655\"","timestamp":"2026-06-11T09:52:39.123Z"}
{"level":"info","message":"::1 - - [11/Jun/2026:09:52:39 +0000] \"GET /health HTTP/1.1\" 200 15 \"-\" \"Mozilla/5.0 (Windows NT; Windows NT 10.0; en-US) WindowsPowerShell/5.1.26100.8655\"","timestamp":"2026-06-11T09:52:39.129Z"}
{"level":"info","message":"::1 - - [11/Jun/2026:09:52:39 +0000] \"GET /health HTTP/1.1\" 200 15 \"-\" \"Mozilla/5.0 (Windows NT; Windows NT 10.0; en-US) WindowsPowerShell/5.1.26100.8655\"","timestamp":"2026-06-11T09:52:39.135Z"}
{"level":"info","message":"::1 - - [11/Jun/2026:09:52:39 +0000] \"GET /health HTTP/1.1\" 200 15 \"-\" \"Mozilla/5.0 (Windows NT; Windows NT 10.0; en-US) WindowsPowerShell/5.1.26100.8655\"","timestamp":"2026-06-11T09:52:39.141Z"}
{"level":"info","message":"::1 - - [11/Jun/2026:09:52:39 +0000] \"GET /health HTTP/1.1\" 200 15 \"-\" \"Mozilla/5.0 (Windows NT; Windows NT 10.0; en-US) WindowsPowerShell/5.1.26100.8655\"","timestamp":"2026-06-11T09:52:39.147Z"}
{"level":"info","message":"::1 - - [11/Jun/2026:09:52:39 +0000] \"GET /health HTTP/1.1\" 200 15 \"-\" \"Mozilla/5.0 (Windows NT; Windows NT 10.0; en-US) WindowsPowerShell/5.1.26100.8655\"","timestamp":"2026-06-11T09:52:39.154Z"}
{"level":"info","message":"::1 - - [11/Jun/2026:09:52:39 +0000] \"GET /health HTTP/1.1\" 200 15 \"-\" \"Mozilla/5.0 (Windows NT; Windows NT 10.0; en-US) WindowsPowerShell/5.1.26100.8655\"","timestamp":"2026-06-11T09:52:39.161Z"}
{"level":"info","message":"::1 - - [11/Jun/2026:09:52:39 +0000] \"GET /health HTTP/1.1\" 200 15 \"-\" \"Mozilla/5.0 (Windows NT; Windows NT 10.0; en-US) WindowsPowerShell/5.1.26100.8655\"","timestamp":"2026-06-11T09:52:39.167Z"}
{"level":"info","message":"::1 - - [11/Jun/2026:09:52:39 +0000] \"GET /health HTTP/1.1\" 200 15 \"-\" \"Mozilla/5.0 (Windows NT; Windows NT 10.0; en-US) WindowsPowerShell/5.1.26100.8655\"","timestamp":"2026-06-11T09:52:39.174Z"}
{"level":"info","message":"::1 - - [11/Jun/2026:09:52:39 +0000] \"GET /health HTTP/1.1\" 200 15 \"-\" \"Mozilla/5.0 (Windows NT; Windows NT 10.0; en-US) WindowsPowerShell/5.1.26100.8655\"","timestamp":"2026-06-11T09:52:39.180Z"}
{"level":"info","message":"::1 - - [11/Jun/2026:09:52:39 +0000] \"GET /health HTTP/1.1\" 200 15 \"-\" \"Mozilla/5.0 (Windows NT; Windows NT 10.0; en-US) WindowsPowerShell/5.1.26100.8655\"","timestamp":"2026-06-11T09:52:39.187Z"}
{"level":"info","message":"::1 - - [11/Jun/2026:09:52:39 +0000] \"GET /health HTTP/1.1\" 200 15 \"-\" \"Mozilla/5.0 (Windows NT; Windows NT 10.0; en-US) WindowsPowerShell/5.1.26100.8655\"","timestamp":"2026-06-11T09:52:39.194Z"}
{"level":"info","message":"::1 - - [11/Jun/2026:09:52:39 +0000] \"GET /health HTTP/1.1\" 200 15 \"-\" \"Mozilla/5.0 (Windows NT; Windows NT 10.0; en-US) WindowsPowerShell/5.1.26100.8655\"","timestamp":"2026-06-11T09:52:39.200Z"}
{"level":"info","message":"::1 - - [11/Jun/2026:09:52:39 +0000] \"GET /health HTTP/1.1\" 200 15 \"-\" \"Mozilla/5.0 (Windows NT; Windows NT 10.0; en-US) WindowsPowerShell/5.1.26100.8655\"","timestamp":"2026-06-11T09:52:39.207Z"}
{"level":"info","message":"::1 - - [11/Jun/2026:09:52:39 +0000] \"GET /health HTTP/1.1\" 200 15 \"-\" \"Mozilla/5.0 (Windows NT; Windows NT 10.0; en-US) WindowsPowerShell/5.1.26100.8655\"","timestamp":"2026-06-11T09:52:39.213Z"}
{"level":"info","message":"::1 - - [11/Jun/2026:09:52:39 +0000] \"GET /health HTTP/1.1\" 200 15 \"-\" \"Mozilla/5.0 (Windows NT; Windows NT 10.0; en-US) WindowsPowerShell/5.1.26100.8655\"","timestamp":"2026-06-11T09:52:39.222Z"}
{"level":"info","message":"::1 - - [11/Jun/2026:09:52:39 +0000] \"GET /health HTTP/1.1\" 200 15 \"-\" \"Mozilla/5.0 (Windows NT; Windows NT 10.0; en-US) WindowsPowerShell/5.1.26100.8655\"","timestamp":"2026-06-11T09:52:39.229Z"}
{"level":"info","message":"::1 - - [11/Jun/2026:09:52:39 +0000] \"GET /health HTTP/1.1\" 200 15 \"-\" \"Mozilla/5.0 (Windows NT; Windows NT 10.0; en-US) WindowsPowerShell/5.1.26100.8655\"","timestamp":"2026-06-11T09:52:39.236Z"}
{"level":"info","message":"::1 - - [11/Jun/2026:09:52:39 +0000] \"GET /health HTTP/1.1\" 200 15 \"-\" \"Mozilla/5.0 (Windows NT; Windows NT 10.0; en-US) WindowsPowerShell/5.1.26100.8655\"","timestamp":"2026-06-11T09:52:39.242Z"}
{"level":"info","message":"::1 - - [11/Jun/2026:09:52:39 +0000] \"GET /health HTTP/1.1\" 200 15 \"-\" \"Mozilla/5.0 (Windows NT; Windows NT 10.0; en-US) WindowsPowerShell/5.1.26100.8655\"","timestamp":"2026-06-11T09:52:39.250Z"}
{"level":"info","message":"::1 - - [11/Jun/2026:09:52:39 +0000] \"GET /health HTTP/1.1\" 200 15 \"-\" \"Mozilla/5.0 (Windows NT; Windows NT 10.0; en-US) WindowsPowerShell/5.1.26100.8655\"","timestamp":"2026-06-11T09:52:39.256Z"}
{"level":"info","message":"::1 - - [11/Jun/2026:09:52:39 +0000] \"GET /health HTTP/1.1\" 200 15 \"-\" \"Mozilla/5.0 (Windows NT; Windows NT 10.0; en-US) WindowsPowerShell/5.1.26100.8655\"","timestamp":"2026-06-11T09:52:39.263Z"}
{"level":"info","message":"::1 - - [11/Jun/2026:09:52:39 +0000] \"GET /health HTTP/1.1\" 200 15 \"-\" \"Mozilla/5.0 (Windows NT; Windows NT 10.0; en-US) WindowsPowerShell/5.1.26100.8655\"","timestamp":"2026-06-11T09:52:39.270Z"}
{"ip":"::1","level":"warn","message":"Rate limit exceeded","path":"/health","timestamp":"2026-06-11T09:52:39.277Z"}
{"ip":"::1","level":"warn","message":"Rate limit exceeded","path":"/health","timestamp":"2026-06-11T09:52:39.309Z"}
{"ip":"::1","level":"warn","message":"Rate limit exceeded","path":"/health","timestamp":"2026-06-11T09:52:39.319Z"}
{"ip":"::1","level":"warn","message":"Rate limit exceeded","path":"/health","timestamp":"2026-06-11T09:52:39.327Z"}
{"ip":"::1","level":"warn","message":"Rate limit exceeded","path":"/health","timestamp":"2026-06-11T09:52:39.334Z"}
{"ip":"::1","level":"warn","message":"Rate limit exceeded","path":"/health","timestamp":"2026-06-11T09:52:39.352Z"}
{"ip":"::1","level":"warn","message":"Rate limit exceeded","path":"/health","timestamp":"2026-06-11T09:52:39.369Z"}
{"ip":"::1","level":"warn","message":"Rate limit exceeded","path":"/health","timestamp":"2026-06-11T09:52:39.381Z"}
{"ip":"::1","level":"warn","message":"Rate limit exceeded","path":"/health","timestamp":"2026-06-11T09:52:39.385Z"}
{"ip":"::1","level":"warn","message":"Rate limit exceeded","path":"/health","timestamp":"2026-06-11T09:52:39.391Z"}
{"ip":"::1","level":"warn","message":"Rate limit exceeded","path":"/health","timestamp":"2026-06-11T09:52:39.397Z"}
{"ip":"::1","level":"warn","message":"Rate limit exceeded","path":"/health","timestamp":"2026-06-11T09:52:39.402Z"}
